app/page.tsx(6,26): error TS2307: Cannot find module '@/lib/supabase' or its corresponding type declarations.
app/page.tsx(83,35): error TS7006: Parameter 'st' implicitly has an 'any' type.
app/page.tsx(99,10): error TS7006: Parameter 'payload' implicitly has an 'any' type.
